[00:03:04] [Server thread/INFO]: [ZEI: Teleported ZEI to riiicooo]
[00:03:10] [Server thread/INFO]: [Not Secure] <ZEI> pheu gi
[00:03:27] [Server thread/INFO]: ZEI lost connection: Disconnected
[00:03:27] [Server thread/INFO]: ZEI left the game
[00:03:37] [Server thread/INFO]: [Not Secure] <riiicooo> m thu dao da di
[00:11:19] [Server thread/INFO]: riiicooo has made the advancement [Ice Bucket Challenge]
[00:11:19] [Server thread/INFO]: riiicooo has made the advancement [Obsidian Obsession]
[00:21:13] [Server thread/INFO]: ZEI[/100.120.244.64:56897] logged in with entity id 2395 at (32.40740373224703, 61.0, 6.349713170201298)
[00:21:13] [Server thread/INFO]: ZEI joined the game
[00:21:24] [Server thread/INFO]: riiicooo was slain by Spider
[00:21:36] [Server thread/INFO]: [Not Secure] <ZEI> ngu
[00:22:03] [Server thread/INFO]: [Not Secure] <ZEI> đặt đuốc đi đcmm
[00:22:21] [Server thread/INFO]: [Not Secure] <riiicooo> DE BEN DAY CO QUAI CHO CHAT
[00:22:23] [Server thread/INFO]: [ZEI: Teleported riiicooo to ZEI]
[00:22:36] [Server thread/INFO]: [Not Secure] <ZEI> haiz
[00:23:47] [Server thread/INFO]: riiicooo has made the advancement [Fishy Business]
[00:25:17] [Server thread/INFO]: [Not Secure] <ZEI> hi
[00:25:18] [Server thread/INFO]: [Not Secure] <ZEI> gi
[00:25:39] [Server thread/INFO]: [Not Secure] <ZEI> ra day dap len lv sau di
[00:27:49] [Server thread/INFO]: Villager Villager['Mysterious Trader 🧪'/2489, l='ServerLevel[Oneblock Original]', x=0.50, y=-1028.51, z=0.50] died, message: 'Mysterious Trader 🧪 didn't want to live in the same world as ZEI'
[00:27:49] [Server thread/INFO]: Named entity Villager['Mysterious Trader 🧪'/2489, l='ServerLevel[Oneblock Original]', x=0.50, y=-1028.51, z=0.50] died: Mysterious Trader 🧪 didn't want to live in the same world as ZEI
[00:28:15] [Server thread/INFO]: [Not Secure] <ZEI> co khoai tay nay
[00:28:26] [Server thread/INFO]: [Not Secure] <riiicooo> t co ma
[00:30:51] [Server thread/INFO]: Villager Villager['Mysterious Trader 🧪'/2661, l='ServerLevel[Oneblock Original]', x=0.50, y=-1003.35, z=0.50] died, message: 'Mysterious Trader 🧪 fell out of the world'
[00:30:51] [Server thread/INFO]: Named entity Villager['Mysterious Trader 🧪'/2661, l='ServerLevel[Oneblock Original]', x=0.50, y=-1003.35, z=0.50] died: Mysterious Trader 🧪 fell out of the world
[00:33:23] [Server thread/INFO]: Villager Villager['Mysterious Trader 🧪'/2847, l='ServerLevel[Oneblock Original]', x=0.50, y=-1048.16, z=0.50] died, message: 'Mysterious Trader 🧪 fell out of the world'
[00:33:23] [Server thread/INFO]: Named entity Villager['Mysterious Trader 🧪'/2847, l='ServerLevel[Oneblock Original]', x=0.50, y=-1048.16, z=0.50] died: Mysterious Trader 🧪 fell out of the world
[00:33:41] [Server thread/INFO]: ZEI has made the advancement [Step 8]
[00:33:41] [Server thread/INFO]: riiicooo has made the advancement [Step 8]
[00:34:22] [Server thread/INFO]: ZEI lost connection: Disconnected
[00:34:22] [Server thread/INFO]: ZEI left the game
